Archive member included to satisfy reference by file (symbol)

/home/daokien9901/.local/xPacks/@xpack-dev-tools/arm-none-eabi-gcc/11.2.1-1.2.2/.content/bin/../lib/gcc/arm-none-eabi/11.2.1/thumb/v7e-m/nofp/libgcc.a(_aeabi_uldivmod.o)
                              ./system/src/stm32f4-hal/stm32f4xx_hal_rcc.o (__aeabi_uldivmod)
/home/daokien9901/.local/xPacks/@xpack-dev-tools/arm-none-eabi-gcc/11.2.1-1.2.2/.content/bin/../lib/gcc/arm-none-eabi/11.2.1/thumb/v7e-m/nofp/libgcc.a(_udivmoddi4.o)
                              /home/daokien9901/.local/xPacks/@xpack-dev-tools/arm-none-eabi-gcc/11.2.1-1.2.2/.content/bin/../lib/gcc/arm-none-eabi/11.2.1/thumb/v7e-m/nofp/libgcc.a(_aeabi_uldivmod.o) (__udivmoddi4)
/home/daokien9901/.local/xPacks/@xpack-dev-tools/arm-none-eabi-gcc/11.2.1-1.2.2/.content/bin/../lib/gcc/arm-none-eabi/11.2.1/thumb/v7e-m/nofp/libgcc.a(_dvmd_tls.o)
                              /home/daokien9901/.local/xPacks/@xpack-dev-tools/arm-none-eabi-gcc/11.2.1-1.2.2/.content/bin/../lib/gcc/arm-none-eabi/11.2.1/thumb/v7e-m/nofp/libgcc.a(_aeabi_uldivmod.o) (__aeabi_ldiv0)
/home/daokien9901/.local/xPacks/@xpack-dev-tools/arm-none-eabi-gcc/11.2.1-1.2.2/.content/bin/../lib/gcc/arm-none-eabi/11.2.1/../../../../arm-none-eabi/lib/thumb/v7e-m/nofp/libg_nano.a(lib_a-ctype_.o)
                              ./system/src/newlib/syscalls.o (_ctype_)
/home/daokien9901/.local/xPacks/@xpack-dev-tools/arm-none-eabi-gcc/11.2.1-1.2.2/.content/bin/../lib/gcc/arm-none-eabi/11.2.1/../../../../arm-none-eabi/lib/thumb/v7e-m/nofp/libg_nano.a(lib_a-errno.o)
                              ./system/src/newlib/sbrk.o (__errno)
/home/daokien9901/.local/xPacks/@xpack-dev-tools/arm-none-eabi-gcc/11.2.1-1.2.2/.content/bin/../lib/gcc/arm-none-eabi/11.2.1/../../../../arm-none-eabi/lib/thumb/v7e-m/nofp/libg_nano.a(lib_a-impure.o)
                              /home/daokien9901/.local/xPacks/@xpack-dev-tools/arm-none-eabi-gcc/11.2.1-1.2.2/.content/bin/../lib/gcc/arm-none-eabi/11.2.1/../../../../arm-none-eabi/lib/thumb/v7e-m/nofp/libg_nano.a(lib_a-errno.o) (_impure_ptr)
/home/daokien9901/.local/xPacks/@xpack-dev-tools/arm-none-eabi-gcc/11.2.1-1.2.2/.content/bin/../lib/gcc/arm-none-eabi/11.2.1/../../../../arm-none-eabi/lib/thumb/v7e-m/nofp/libg_nano.a(lib_a-memset.o)
                              ./system/src/newlib/syscalls.o (memset)
/home/daokien9901/.local/xPacks/@xpack-dev-tools/arm-none-eabi-gcc/11.2.1-1.2.2/.content/bin/../lib/gcc/arm-none-eabi/11.2.1/../../../../arm-none-eabi/lib/thumb/v7e-m/nofp/libg_nano.a(lib_a-strcmp.o)
                              ./system/src/cortexm/exception-handlers.o (strcmp)
/home/daokien9901/.local/xPacks/@xpack-dev-tools/arm-none-eabi-gcc/11.2.1-1.2.2/.content/bin/../lib/gcc/arm-none-eabi/11.2.1/../../../../arm-none-eabi/lib/thumb/v7e-m/nofp/libg_nano.a(lib_a-strlen.o)
                              ./system/src/newlib/syscalls.o (strlen)
/home/daokien9901/.local/xPacks/@xpack-dev-tools/arm-none-eabi-gcc/11.2.1-1.2.2/.content/bin/../lib/gcc/arm-none-eabi/11.2.1/../../../../arm-none-eabi/lib/thumb/v7e-m/nofp/libg_nano.a(lib_a-strncpy.o)
                              ./system/src/newlib/syscalls.o (strncpy)
/home/daokien9901/.local/xPacks/@xpack-dev-tools/arm-none-eabi-gcc/11.2.1-1.2.2/.content/bin/../lib/gcc/arm-none-eabi/11.2.1/../../../../arm-none-eabi/lib/thumb/v7e-m/nofp/libg_nano.a(lib_a-vsnprintf.o)
                              ./system/src/diag/trace.o (vsnprintf)
/home/daokien9901/.local/xPacks/@xpack-dev-tools/arm-none-eabi-gcc/11.2.1-1.2.2/.content/bin/../lib/gcc/arm-none-eabi/11.2.1/../../../../arm-none-eabi/lib/thumb/v7e-m/nofp/libg_nano.a(lib_a-nano-svfprintf.o)
                              /home/daokien9901/.local/xPacks/@xpack-dev-tools/arm-none-eabi-gcc/11.2.1-1.2.2/.content/bin/../lib/gcc/arm-none-eabi/11.2.1/../../../../arm-none-eabi/lib/thumb/v7e-m/nofp/libg_nano.a(lib_a-vsnprintf.o) (_svfprintf_r)
/home/daokien9901/.local/xPacks/@xpack-dev-tools/arm-none-eabi-gcc/11.2.1-1.2.2/.content/bin/../lib/gcc/arm-none-eabi/11.2.1/../../../../arm-none-eabi/lib/thumb/v7e-m/nofp/libg_nano.a(lib_a-nano-vfprintf_i.o)
                              /home/daokien9901/.local/xPacks/@xpack-dev-tools/arm-none-eabi-gcc/11.2.1-1.2.2/.content/bin/../lib/gcc/arm-none-eabi/11.2.1/../../../../arm-none-eabi/lib/thumb/v7e-m/nofp/libg_nano.a(lib_a-nano-svfprintf.o) (_printf_i)
/home/daokien9901/.local/xPacks/@xpack-dev-tools/arm-none-eabi-gcc/11.2.1-1.2.2/.content/bin/../lib/gcc/arm-none-eabi/11.2.1/../../../../arm-none-eabi/lib/thumb/v7e-m/nofp/libg_nano.a(lib_a-memchr.o)
                              /home/daokien9901/.local/xPacks/@xpack-dev-tools/arm-none-eabi-gcc/11.2.1-1.2.2/.content/bin/../lib/gcc/arm-none-eabi/11.2.1/../../../../arm-none-eabi/lib/thumb/v7e-m/nofp/libg_nano.a(lib_a-nano-svfprintf.o) (memchr)
/home/daokien9901/.local/xPacks/@xpack-dev-tools/arm-none-eabi-gcc/11.2.1-1.2.2/.content/bin/../lib/gcc/arm-none-eabi/11.2.1/../../../../arm-none-eabi/lib/thumb/v7e-m/nofp/libg_nano.a(lib_a-memcpy-stub.o)
[...]
Memory Configuration

Name             Origin             Length             Attributes
RAM              0x0000000020000000 0x0000000000020000 xrw
CCMRAM           0x0000000010000000 0x0000000000010000 xrw
FLASH            0x0000000008000000 0x0000000000100000 xr
FLASHB1          0x0000000000000000 0x0000000000000000 xr
EXTMEMB0         0x0000000000000000 0x0000000000000000 xr
EXTMEMB1         0x0000000000000000 0x0000000000000000 xr
EXTMEMB2         0x0000000000000000 0x0000000000000000 xr
EXTMEMB3         0x0000000000000000 0x0000000000000000 xr
MEMORY_ARRAY     0x0000000020002000 0x0000000000000020 xrw
*default*        0x0000000000000000 0xffffffffffffffff

Linker script and memory map

LOAD ./system/src/stm32f4-hal/stm32f4xx_hal.o
LOAD ./system/src/stm32f4-hal/stm32f4xx_hal_cortex.o
LOAD ./system/src/stm32f4-hal/stm32f4xx_hal_flash.o
LOAD ./system/src/stm32f4-hal/stm32f4xx_hal_flash_ex.o
LOAD ./system/src/stm32f4-hal/stm32f4xx_hal_flash_ramfunc.o
LOAD ./system/src/stm32f4-hal/stm32f4xx_hal_gpio.o
LOAD ./system/src/stm32f4-hal/stm32f4xx_hal_iwdg.o
LOAD ./system/src/stm32f4-hal/stm32f4xx_hal_pwr.o
LOAD ./system/src/stm32f4-hal/stm32f4xx_hal_rcc.o
LOAD ./system/src/newlib/assert.o
LOAD ./system/src/newlib/cxx.o
LOAD ./system/src/newlib/exit.o
LOAD ./system/src/newlib/sbrk.o
LOAD ./system/src/newlib/startup.o
LOAD ./system/src/newlib/syscalls.o
LOAD ./system/src/diag/trace-impl.o
LOAD ./system/src/diag/trace.o
LOAD ./system/src/cortexm/exception-handlers.o
LOAD ./system/src/cortexm/initialize-hardware.o
LOAD ./system/src/cortexm/reset-hardware.o
LOAD ./system/src/cmsis/system_stm32f4xx.o
LOAD ./system/src/cmsis/vectors_stm32f407xx.o
LOAD ./src/initialize-hardware.o
LOAD ./src/led.o
LOAD ./src/main.o
LOAD ./src/stm32f4xx_hal_msp.o
LOAD ./src/timer.o
LOAD ./src/write.o
LOAD /home/daokien9901/.local/xPacks/@xpack-dev-tools/arm-none-eabi-gcc/11.2.1-1.2.2/.content/bin/../lib/gcc/arm-none-eabi/11.2.1/../../../../arm-none-eabi/lib/thumb/v7e-m/nofp/libstdc++_nano.a
LOAD /home/daokien9901/.local/xPacks/@xpack-dev-tools/arm-none-eabi-gcc/11.2.1-1.2.2/.content/bin/../lib/gcc/arm-none-eabi/11.2.1/../../../../arm-none-eabi/lib/thumb/v7e-m/nofp/libm.a
START GROUP
LOAD /home/daokien9901/.local/xPacks/@xpack-dev-tools/arm-none-eabi-gcc/11.2.1-1.2.2/.content/bin/../lib/gcc/arm-none-eabi/11.2.1/thumb/v7e-m/nofp/libgcc.a
LOAD /home/daokien9901/.local/xPacks/@xpack-dev-tools/arm-none-eabi-gcc/11.2.1-1.2.2/.content/bin/../lib/gcc/arm-none-eabi/11.2.1/../../../../arm-none-eabi/lib/thumb/v7e-m/nofp/libg_nano.a
LOAD /home/daokien9901/.local/xPacks/@xpack-dev-tools/arm-none-eabi-gcc/11.2.1-1.2.2/.content/bin/../lib/gcc/arm-none-eabi/11.2.1/../../../../arm-none-eabi/lib/thumb/v7e-m/nofp/libc_nano.a
END GROUP
START GROUP
LOAD /home/daokien9901/.local/xPacks/@xpack-dev-tools/arm-none-eabi-gcc/11.2.1-1.2.2/.content/bin/../lib/gcc/arm-none-eabi/11.2.1/thumb/v7e-m/nofp/libgcc.a
LOAD /home/daokien9901/.local/xPacks/@xpack-dev-tools/arm-none-eabi-gcc/11.2.1-1.2.2/.content/bin/../lib/gcc/arm-none-eabi/11.2.1/../../../../arm-none-eabi/lib/thumb/v7e-m/nofp/libc_nano.a
END GROUP
                0x0000000020020000                __stack = (ORIGIN (RAM) + LENGTH (RAM))
                0x0000000020020000                _estack = __stack
                0x0000000000000400                __Main_Stack_Size = 0x400
                [!provide]                        PROVIDE (_Main_Stack_Size = __Main_Stack_Size)
                0x000000002001fc00                __Main_Stack_Limit = (__stack - __Main_Stack_Size)
                [!provide]                        PROVIDE (_Main_Stack_Limit = __Main_Stack_Limit)
                0x0000000000000100                _Minimum_Stack_Size = 0x100
                0x0000000020000260                PROVIDE (_Heap_Begin = _end_noinit)
                0x000000002001fc00                PROVIDE (_Heap_Limit = (__stack - __Main_Stack_Size))

.isr_vector     0x0000000008000000      0x3e8
 FILL mask 0xff
                0x0000000008000000                __vectors_start = ABSOLUTE (.)
                0x0000000008000000                __vectors_start__ = ABSOLUTE (.)
 *(.isr_vector)
 .isr_vector    0x0000000008000000      0x188 ./system/src/cmsis/vectors_stm32f407xx.o
                0x0000000008000000                __isr_vectors
 *(.cfmconfig)
 *(.after_vectors .after_vectors.*)
 .after_vectors
                0x0000000008000188      0x130 ./system/src/newlib/startup.o
                0x0000000008000188                _start
 .after_vectors
                0x00000000080002b8      0x12c ./system/src/cortexm/exception-handlers.o
                0x00000000080002b8                Reset_Handler
                0x00000000080002be                NMI_Handler
                0x00000000080002c2                HardFault_Handler
                0x00000000080002d6                HardFault_Handler_C
                0x0000000008000334                MemManage_Handler
                0x0000000008000338                BusFault_Handler
                0x000000000800034c                BusFault_Handler_C
                0x0000000008000380                UsageFault_Handler
                0x0000000008000394                UsageFault_Handler_C
                0x00000000080003c8                SVC_Handler
                0x00000000080003cc                DebugMon_Handler
                0x00000000080003d0                PendSV_Handler
 .after_vectors
                0x00000000080003e4        0x4 ./system/src/cmsis/vectors_stm32f407xx.o
                0x00000000080003e4                RTC_Alarm_IRQHandler
                0x00000000080003e4                HASH_RNG_IRQHandler
                0x00000000080003e4                EXTI2_IRQHandler
                0x00000000080003e4                TIM8_CC_IRQHandler
                0x00000000080003e4                TIM1_CC_IRQHandler
                0x00000000080003e4                DMA2_Stream5_IRQHandler
                0x00000000080003e4                DMA1_Stream5_IRQHandler
                0x00000000080003e4                PVD_IRQHandler
                0x00000000080003e4                SDIO_IRQHandler
                0x00000000080003e4                TAMP_STAMP_IRQHandler
                0x00000000080003e4                CAN2_RX1_IRQHandler
                0x00000000080003e4                EXTI3_IRQHandler
                0x00000000080003e4                TIM8_TRG_COM_TIM14_IRQHandler
                0x00000000080003e4                TIM1_UP_TIM10_IRQHandler
                0x00000000080003e4                TIM8_UP_TIM13_IRQHandler
                0x00000000080003e4                I2C3_ER_IRQHandler
                0x00000000080003e4                EXTI0_IRQHandler
                0x00000000080003e4                I2C2_EV_IRQHandler
                0x00000000080003e4                DMA1_Stream2_IRQHandler
                0x00000000080003e4                CAN1_RX0_IRQHandler
                0x00000000080003e4                FPU_IRQHandler
                0x00000000080003e4                OTG_HS_WKUP_IRQHandler
                0x00000000080003e4                CAN2_SCE_IRQHandler
                0x00000000080003e4                DMA2_Stream2_IRQHandler
                0x00000000080003e4                SPI1_IRQHandler
                0x00000000080003e4                TIM6_DAC_IRQHandler
                0x00000000080003e4                TIM1_BRK_TIM9_IRQHandler
                0x00000000080003e4                DCMI_IRQHandler
                0x00000000080003e4                CAN2_RX0_IRQHandler
                0x00000000080003e4                DMA2_Stream3_IRQHandler
                0x00000000080003e4                USART6_IRQHandler
                0x00000000080003e4                USART3_IRQHandler
                0x00000000080003e4                CAN1_RX1_IRQHandler
                0x00000000080003e4                UART5_IRQHandler
                0x00000000080003e4                DMA2_Stream0_IRQHandler
                0x00000000080003e4                TIM4_IRQHandler
                0x00000000080003e4                I2C1_EV_IRQHandler
                0x00000000080003e4                DMA1_Stream6_IRQHandler
                0x00000000080003e4                DMA1_Stream1_IRQHandler
                0x00000000080003e4                UART4_IRQHandler
                0x00000000080003e4                TIM3_IRQHandler
                0x00000000080003e4                RCC_IRQHandler
                0x00000000080003e4                TIM8_BRK_TIM12_IRQHandler
                0x00000000080003e4                Default_Handler
                0x00000000080003e4                EXTI15_10_IRQHandler
                0x00000000080003e4                ADC_IRQHandler
                0x00000000080003e4                DMA1_Stream7_IRQHandler
                0x00000000080003e4                TIM7_IRQHandler
                0x00000000080003e4                CAN2_TX_IRQHandler
                0x00000000080003e4                TIM5_IRQHandler
                0x00000000080003e4                DMA2_Stream7_IRQHandler
                0x00000000080003e4                I2C3_EV_IRQHandler
                0x00000000080003e4                EXTI9_5_IRQHandler
                0x00000000080003e4                RTC_WKUP_IRQHandler
                0x00000000080003e4                ETH_WKUP_IRQHandler
                0x00000000080003e4                SPI2_IRQHandler
                0x00000000080003e4                OTG_HS_EP1_IN_IRQHandler
                0x00000000080003e4                DMA1_Stream0_IRQHandler
                0x00000000080003e4                CAN1_TX_IRQHandler
                0x00000000080003e4                EXTI4_IRQHandler
                0x00000000080003e4                ETH_IRQHandler
                0x00000000080003e4                OTG_HS_EP1_OUT_IRQHandler
                0x00000000080003e4                WWDG_IRQHandler
                0x00000000080003e4                TIM2_IRQHandler
                0x00000000080003e4                OTG_FS_WKUP_IRQHandler
                0x00000000080003e4                TIM1_TRG_COM_TIM11_IRQHandler
                0x00000000080003e4                OTG_HS_IRQHandler
                0x00000000080003e4                EXTI1_IRQHandler
                0x00000000080003e4                USART2_IRQHandler
                0x00000000080003e4                I2C2_ER_IRQHandler
                0x00000000080003e4                DMA2_Stream1_IRQHandler
                0x00000000080003e4                CAN1_SCE_IRQHandler
                0x00000000080003e4                FLASH_IRQHandler
                0x00000000080003e4                DMA2_Stream4_IRQHandler
                0x00000000080003e4                USART1_IRQHandler
                0x00000000080003e4                OTG_FS_IRQHandler
                0x00000000080003e4                SPI3_IRQHandler
                0x00000000080003e4                DMA1_Stream4_IRQHandler
                0x00000000080003e4                I2C1_ER_IRQHandler
                0x00000000080003e4                FMC_IRQHandler
                0x00000000080003e4                DMA2_Stream6_IRQHandler
                0x00000000080003e4                DMA1_Stream3_IRQHandler

.inits          0x00000000080003e8       0x28
                0x00000000080003e8                __data_regions_array_start = .
                0x00000000080003e8        0x4 LONG 0x8002964 LOADADDR (.data)
                0x00000000080003ec        0x4 LONG 0x20000000 ADDR (.data)
                0x00000000080003f0        0x4 LONG 0x2000009c (ADDR (.data) + SIZEOF (.data))
                0x00000000080003f4        0x4 LONG 0x8002964 LOADADDR (.data_CCMRAM)
                0x00000000080003f8        0x4 LONG 0x10000000 ADDR (.data_CCMRAM)
                0x00000000080003fc        0x4 LONG 0x10000000 (ADDR (.data_CCMRAM) + SIZEOF (.data_CCMRAM))
                0x0000000008000400                __data_regions_array_end = .
                0x0000000008000400                __bss_regions_array_start = .
                0x0000000008000400        0x4 LONG 0x2000009c ADDR (.bss)
                0x0000000008000404        0x4 LONG 0x20000260 (ADDR (.bss) + SIZEOF (.bss))
                0x0000000008000408        0x4 LONG 0x10000000 ADDR (.bss_CCMRAM)
                0x000000000800040c        0x4 LONG 0x10000000 (ADDR (.bss_CCMRAM) + SIZEOF (.bss_CCMRAM))
                0x0000000008000410                __bss_regions_array_end = .
 *(.init)
 *(.fini)
                0x0000000008000410                . = ALIGN (0x4)
                0x0000000008000410                PROVIDE (__preinit_array_start = .)
 *(.preinit_array_sysinit .preinit_array_sysinit.*)
 *(.preinit_array_platform .preinit_array_platform.*)
 *(.preinit_array .preinit_array.*)
                0x0000000008000410                PROVIDE (__preinit_array_end = .)
                0x0000000008000410                . = ALIGN (0x4)
                0x0000000008000410                PROVIDE (__init_array_start = .)
 *(SORT_BY_NAME(.init_array.*))
 *(.init_array)
                0x0000000008000410                PROVIDE (__init_array_end = .)
                0x0000000008000410                . = ALIGN (0x4)
                0x0000000008000410                PROVIDE (__fini_array_start = .)
 *(SORT_BY_NAME(.fini_array.*))
 *(.fini_array)
                0x0000000008000410                PROVIDE (__fini_array_end = .)

.flashtext
 *(.flashtext .flashtext.*)

.text           0x0000000008000410     0x2549
 *(.text .text.*)
 .text.HAL_InitTick
                0x0000000008000410       0x4c ./system/src/stm32f4-hal/stm32f4xx_hal.o
                0x0000000008000410                HAL_InitTick
 .text.HAL_Init
                0x000000000800045c       0x34 ./system/src/stm32f4-hal/stm32f4xx_hal.o
                0x000000000800045c                HAL_Init
 .text.HAL_IncTick
                0x0000000008000490       0x18 ./system/src/stm32f4-hal/stm32f4xx_hal.o
                0x0000000008000490                HAL_IncTick
 .text.HAL_GetTick
                0x00000000080004a8        0xc ./system/src/stm32f4-hal/stm32f4xx_hal.o
                0x00000000080004a8                HAL_GetTick
 .text.HAL_NVIC_SetPriorityGrouping
                0x00000000080004b4       0x3c ./system/src/stm32f4-hal/stm32f4xx_hal_cortex.o
                0x00000000080004b4                HAL_NVIC_SetPriorityGrouping
 .text.HAL_NVIC_SetPriority
                0x00000000080004f0       0x8c ./system/src/stm32f4-hal/stm32f4xx_hal_cortex.o
                0x00000000080004f0                HAL_NVIC_SetPriority
 .text.HAL_SYSTICK_Config
                0x000000000800057c       0x28 ./system/src/stm32f4-hal/stm32f4xx_hal_cortex.o
                0x000000000800057c                HAL_SYSTICK_Config
 .text.HAL_SYSTICK_CLKSourceConfig
                0x00000000080005a4       0x3c ./system/src/stm32f4-hal/stm32f4xx_hal_cortex.o
                0x00000000080005a4                HAL_SYSTICK_CLKSourceConfig
 .text.HAL_GPIO_Init
                0x00000000080005e0      0x2e0 ./system/src/stm32f4-hal/stm32f4xx_hal_gpio.o
                0x00000000080005e0                HAL_GPIO_Init
 .text.HAL_GPIO_WritePin
                0x00000000080008c0       0x38 ./system/src/stm32f4-hal/stm32f4xx_hal_gpio.o
                0x00000000080008c0                HAL_GPIO_WritePin
 .text.HAL_RCC_OscConfig
                0x00000000080008f8      0x4f8 ./system/src/stm32f4-hal/stm32f4xx_hal_rcc.o
                0x00000000080008f8                HAL_RCC_OscConfig
 .text.HAL_RCC_GetSysClockFreq
                0x0000000008000df0       0xdc ./system/src/stm32f4-hal/stm32f4xx_hal_rcc.o
                0x0000000008000df0                HAL_RCC_GetSysClockFreq
 .text.HAL_RCC_ClockConfig
                0x0000000008000ecc      0x224 ./system/src/stm32f4-hal/stm32f4xx_hal_rcc.o
                0x0000000008000ecc                HAL_RCC_ClockConfig
 .text.HAL_RCC_GetHCLKFreq
                0x00000000080010f0        0xc ./system/src/stm32f4-hal/stm32f4xx_hal_rcc.o
                0x00000000080010f0                HAL_RCC_GetHCLKFreq
 .text._sbrk    0x00000000080010fc       0x44 ./system/src/newlib/sbrk.o
                0x00000000080010fc                _sbrk
 .text._exit    0x0000000008001140       0x20 ./system/src/newlib/syscalls.o
                0x0000000008001140                _exit
 .text.initialise_monitor_handles
                0x0000000008001160       0xa8 ./system/src/newlib/syscalls.o
                0x0000000008001160                initialise_monitor_handles
 .text.__initialize_args
                0x0000000008001208       0xc0 ./system/src/newlib/syscalls.o
                0x0000000008001208                __initialize_args
 .text._trace_write_semihosting_debug
                0x00000000080012c8       0x62 ./system/src/diag/trace-impl.o
 .text.trace_write
                0x000000000800132a        0x8 ./system/src/diag/trace-impl.o
                0x000000000800132a                trace_write
 *fill*         0x0000000008001332        0x2 
 .text.trace_printf
                0x0000000008001334       0x34 ./system/src/diag/trace.o
                0x0000000008001334                trace_printf
 .text.trace_puts
                0x0000000008001368       0x20 ./system/src/diag/trace.o
                0x0000000008001368                trace_puts
 .text.dumpExceptionStack
                0x0000000008001388       0xf4 ./system/src/cortexm/exception-handlers.o
                0x0000000008001388                dumpExceptionStack
 .text.isSemihosting
                0x000000000800147c      0x100 ./system/src/cortexm/exception-handlers.o
                0x000000000800147c                isSemihosting
 .text.__initialize_hardware_early
                0x000000000800157c       0x18 ./system/src/cortexm/initialize-hardware.o
                0x000000000800157c                __initialize_hardware_early
 .text.SystemInit
                0x0000000008001594       0x10 ./system/src/cmsis/system_stm32f4xx.o
                0x0000000008001594                SystemInit
 .text.SystemCoreClockUpdate
                0x00000000080015a4       0xa0 ./system/src/cmsis/system_stm32f4xx.o
                0x00000000080015a4                SystemCoreClockUpdate
 .text.SystemClock_Config
                0x0000000008001644       0xa0 ./src/initialize-hardware.o
                0x0000000008001644                SystemClock_Config
 .text.__initialize_hardware
                0x00000000080016e4       0x10 ./src/initialize-hardware.o
                0x00000000080016e4                __initialize_hardware
 .text.assert_failed
                0x00000000080016f4       0x14 ./src/initialize-hardware.o
                0x00000000080016f4                assert_failed
 .text.blink_led_on
                0x0000000008001708       0x14 ./src/led.o
                0x0000000008001708                blink_led_on
 .text.blink_led_off
                0x000000000800171c       0x14 ./src/led.o
                0x000000000800171c                blink_led_off
 .text.blink_led_init
                0x0000000008001730       0x38 ./src/led.o
                0x0000000008001730                blink_led_init
 .text.main     0x0000000008001768       0xa8 ./src/main.o
                0x0000000008001768                main
 .text.HAL_MspInit
                0x0000000008001810        0x2 ./src/stm32f4xx_hal_msp.o
                0x0000000008001810                HAL_MspInit
 *fill*         0x0000000008001812        0x2 
 .text.timer_start
                0x0000000008001814       0x38 ./src/timer.o
                0x0000000008001814                timer_start
 .text.timer_sleep
                0x000000000800184c       0x14 ./src/timer.o
                0x000000000800184c                timer_sleep
 .text.timer_tick
                0x0000000008001860       0x14 ./src/timer.o
                0x0000000008001860                timer_tick
 .text.SysTick_Handler
                0x0000000008001874        0xc ./src/timer.o
                0x0000000008001874                SysTick_Handler
 .text          0x0000000008001880       0x30 /home/daokien9901/.local/xPacks/@xpack-dev-tools/arm-none-eabi-gcc/11.2.1-1.2.2/.content/bin/../lib/gcc/arm-none-eabi/11.2.1/thumb/v7e-m/nofp/libgcc.a(_aeabi_uldivmod.o)
                0x0000000008001880                __aeabi_uldivmod
 .text.__udivmoddi4
                0x00000000080018b0      0x2c8 /home/daokien9901/.local/xPacks/@xpack-dev-tools/arm-none-eabi-gcc/11.2.1-1.2.2/.content/bin/../lib/gcc/arm-none-eabi/11.2.1/thumb/v7e-m/nofp/libgcc.a(_udivmoddi4.o)
                0x00000000080018b0                __udivmoddi4
 .text          0x0000000008001b78        0x4 /home/daokien9901/.local/xPacks/@xpack-dev-tools/arm-none-eabi-gcc/11.2.1-1.2.2/.content/bin/../lib/gcc/arm-none-eabi/11.2.1/thumb/v7e-m/nofp/libgcc.a(_dvmd_tls.o)
                0x0000000008001b78                __aeabi_ldiv0
                0x0000000008001b78                __aeabi_idiv0
 .text.__errno  0x0000000008001b7c        0xc /home/daokien9901/.local/xPacks/@xpack-dev-tools/arm-none-eabi-gcc/11.2.1-1.2.2/.content/bin/../lib/gcc/arm-none-eabi/11.2.1/../../../../arm-none-eabi/lib/thumb/v7e-m/nofp/libg_nano.a(lib_a-errno.o)
                0x0000000008001b7c                __errno
 .text          0x0000000008001b88       0x14 /home/daokien9901/.local/xPacks/@xpack-dev-tools/arm-none-eabi-gcc/11.2.1-1.2.2/.content/bin/../lib/gcc/arm-none-eabi/11.2.1/../../../../arm-none-eabi/lib/thumb/v7e-m/nofp/libg_nano.a(lib_a-strcmp.o)
                0x0000000008001b88                strcmp
 .text          0x0000000008001b9c       0x10 /home/daokien9901/.local/xPacks/@xpack-dev-tools/arm-none-eabi-gcc/11.2.1-1.2.2/.content/bin/../lib/gcc/arm-none-eabi/11.2.1/../../../../arm-none-eabi/lib/thumb/v7e-m/nofp/libg_nano.a(lib_a-strlen.o)
                0x0000000008001b9c                strlen
 .text._vsnprintf_r
                0x0000000008001bac       0x56 /home/daokien9901/.local/xPacks/@xpack-dev-tools/arm-none-eabi-gcc/11.2.1-1.2.2/.content/bin/../lib/gcc/arm-none-eabi/11.2.1/../../../../arm-none-eabi/lib/thumb/v7e-m/nofp/libg_nano.a(lib_a-vsnprintf.o)
                0x0000000008001bac                _vsnprintf_r
                0x0000000008001bac                _vsniprintf_r
 *fill*         0x0000000008001c02        0x2 
 .text.vsnprintf
                0x0000000008001c04       0x1c /home/daokien9901/.local/xPacks/@xpack-dev-tools/arm-none-eabi-gcc/11.2.1-1.2.2/.content/bin/../lib/gcc/arm-none-eabi/11.2.1/../../../../arm-none-eabi/lib/thumb/v7e-m/nofp/libg_nano.a(lib_a-vsnprintf.o)
                0x0000000008001c04                vsnprintf
                0x0000000008001c04                vsniprintf
 .text.__ssputs_r
                0x0000000008001c20       0xb4 /home/daokien9901/.local/xPacks/@xpack-dev-tools/arm-none-eabi-gcc/11.2.1-1.2.2/.content/bin/../lib/gcc/arm-none-eabi/11.2.1/../../../../arm-none-eabi/lib/thumb/v7e-m/nofp/libg_nano.a(lib_a-nano-svfprintf.o)
                0x0000000008001c20                __ssputs_r
 .text._svfprintf_r
                0x0000000008001cd4      0x1fc /home/daokien9901/.local/xPacks/@xpack-dev-tools/arm-none-eabi-gcc/11.2.1-1.2.2/.content/bin/../lib/gcc/arm-none-eabi/11.2.1/../../../../arm-none-eabi/lib/thumb/v7e-m/nofp/libg_nano.a(lib_a-nano-svfprintf.o)
                0x0000000008001cd4                _svfprintf_r
                0x0000000008001cd4                _svfiprintf_r
 .text._printf_common
                0x0000000008001ed0       0xda /home/daokien9901/.local/xPacks/@xpack-dev-tools/arm-none-eabi-gcc/11.2.1-1.2.2/.content/bin/../lib/gcc/arm-none-eabi/11.2.1/../../../../arm-none-eabi/lib/thumb/v7e-m/nofp/libg_nano.a(lib_a-nano-vfprintf_i.o)
                0x0000000008001ed0                _printf_common
 *fill*         0x0000000008001faa        0x2 
 .text._printf_i
                0x0000000008001fac      0x244 /home/daokien9901/.local/xPacks/@xpack-dev-tools/arm-none-eabi-gcc/11.2.1-1.2.2/.content/bin/../lib/gcc/arm-none-eabi/11.2.1/../../../../arm-none-eabi/lib/thumb/v7e-m/nofp/libg_nano.a(lib_a-nano-vfprintf_i.o)
                0x0000000008001fac                _printf_i
 .text          0x00000000080021f0       0xa0 /home/daokien9901/.local/xPacks/@xpack-dev-tools/arm-none-eabi-gcc/11.2.1-1.2.2/.content/bin/../lib/gcc/arm-none-eabi/11.2.1/../../../../arm-none-eabi/lib/thumb/v7e-m/nofp/libg_nano.a(lib_a-memchr.o)
                0x00000000080021f0                memchr
 .text.memcpy   0x0000000008002290       0x1c /home/daokien9901/.local/xPacks/@xpack-dev-tools/arm-none-eabi-gcc/11.2.1-1.2.2/.content/bin/../lib/gcc/arm-none-eabi/11.2.1/../../../../arm-none-eabi/lib/thumb/v7e-m/nofp/libg_nano.a(lib_a-memcpy-stub.o)
                0x0000000008002290                memcpy
 .text.memmove  0x00000000080022ac       0x34 /home/daokien9901/.local/xPacks/@xpack-dev-tools/arm-none-eabi-gcc/11.2.1-1.2.2/.content/bin/../lib/gcc/arm-none-eabi/11.2.1/../../../../arm-none-eabi/lib/thumb/v7e-m/nofp/libg_nano.a(lib_a-memmove.o)
                0x00000000080022ac                memmove
 .text._free_r  0x00000000080022e0       0x94 /home/daokien9901/.local/xPacks/@xpack-dev-tools/arm-none-eabi-gcc/11.2.1-1.2.2/.content/bin/../lib/gcc/arm-none-eabi/11.2.1/../../../../arm-none-eabi/lib/thumb/v7e-m/nofp/libg_nano.a(lib_a-nano-freer.o)
                0x00000000080022e0                _free_r
 .text.sbrk_aligned
                0x0000000008002374       0x40 /home/daokien9901/.local/xPacks/@xpack-dev-tools/arm-none-eabi-gcc/11.2.1-1.2.2/.content/bin/../lib/gcc/arm-none-eabi/11.2.1/../../../../arm-none-eabi/lib/thumb/v7e-m/nofp/libg_nano.a(lib_a-nano-mallocr.o)
 .text._malloc_r
                0x00000000080023b4       0xe8 /home/daokien9901/.local/xPacks/@xpack-dev-tools/arm-none-eabi-gcc/11.2.1-1.2.2/.content/bin/../lib/gcc/arm-none-eabi/11.2.1/../../../../arm-none-eabi/lib/thumb/v7e-m/nofp/libg_nano.a(lib_a-nano-mallocr.o)
                0x00000000080023b4                _malloc_r
 .text._realloc_r
                0x000000000800249c       0x5e /home/daokien9901/.local/xPacks/@xpack-dev-tools/arm-none-eabi-gcc/11.2.1-1.2.2/.content/bin/../lib/gcc/arm-none-eabi/11.2.1/../../../../arm-none-eabi/lib/thumb/v7e-m/nofp/libg_nano.a(lib_a-nano-reallocr.o)
                0x000000000800249c                _realloc_r
 *fill*         0x00000000080024fa        0x2 
 .text._sbrk_r  0x00000000080024fc       0x20 /home/daokien9901/.local/xPacks/@xpack-dev-tools/arm-none-eabi-gcc/11.2.1-1.2.2/.content/bin/../lib/gcc/arm-none-eabi/11.2.1/../../../../arm-none-eabi/lib/thumb/v7e-m/nofp/libg_nano.a(lib_a-sbrkr.o)
                0x00000000080024fc                _sbrk_r
 .text.__malloc_lock
                0x000000000800251c        0x2 /home/daokien9901/.local/xPacks/@xpack-dev-tools/arm-none-eabi-gcc/11.2.1-1.2.2/.content/bin/../lib/gcc/arm-none-eabi/11.2.1/../../../../arm-none-eabi/lib/thumb/v7e-m/nofp/libg_nano.a(lib_a-mlock.o)
                0x000000000800251c                __malloc_lock
 .text.__malloc_unlock
                0x000000000800251e        0x2 /home/daokien9901/.local/xPacks/@xpack-dev-tools/arm-none-eabi-gcc/11.2.1-1.2.2/.content/bin/../lib/gcc/arm-none-eabi/11.2.1/../../../../arm-none-eabi/lib/thumb/v7e-m/nofp/libg_nano.a(lib_a-mlock.o)
                0x000000000800251e                __malloc_unlock
 .text._malloc_usable_size_r
                0x0000000008002520       0x10 /home/daokien9901/.local/xPacks/@xpack-dev-tools/arm-none-eabi-gcc/11.2.1-1.2.2/.content/bin/../lib/gcc/arm-none-eabi/11.2.1/../../../../arm-none-eabi/lib/thumb/v7e-m/nofp/libg_nano.a(lib_a-nano-msizer.o)
                0x0000000008002520                _malloc_usable_size_r
 *(.rodata .rodata.* .constdata .constdata.*)
 .rodata.HAL_NVIC_SetPriorityGrouping.str1.4
                0x0000000008002530       0x31 ./system/src/stm32f4-hal/stm32f4xx_hal_cortex.o
 *fill*         0x0000000008002561        0x3 
 .rodata.HAL_GPIO_Init.str1.4
                0x0000000008002564       0x2f ./system/src/stm32f4-hal/stm32f4xx_hal_gpio.o
 *fill*         0x0000000008002593        0x1 
 .rodata.HAL_RCC_OscConfig.str1.4
                0x0000000008002594       0x2e ./system/src/stm32f4-hal/stm32f4xx_hal_rcc.o
 *fill*         0x00000000080025c2        0x2 
 .rodata.initialise_monitor_handles.str1.4
                0x00000000080025c4        0x4 ./system/src/newlib/syscalls.o
 .rodata.trace_puts.str1.4
                0x00000000080025c8        0x4 ./system/src/diag/trace.o
                                          0x2 (size before relaxing)
 .rodata.dumpExceptionStack.str1.4
                0x00000000080025c8      0x11a ./system/src/cortexm/exception-handlers.o
 .rodata.isSemihosting.str1.4
                0x00000000080026e2        0x4 ./system/src/cortexm/exception-handlers.o
 *fill*         0x00000000080026e2        0x2 
 .rodata.str1.4
                0x00000000080026e4       0x2a ./system/src/cortexm/exception-handlers.o
 *fill*         0x000000000800270e        0x2 
 .rodata.AHBPrescTable
                0x0000000008002710       0x10 ./system/src/cmsis/system_stm32f4xx.o
                0x0000000008002710                AHBPrescTable
 .rodata.assert_failed.str1.4
                0x0000000008002720       0x2d ./src/initialize-hardware.o
 *fill*         0x000000000800274d        0x3 
 .rodata.main.str1.4
                0x0000000008002750       0xd5 ./src/main.o
 .rodata._ctype_
                0x0000000008002825      0x101 /home/daokien9901/.local/xPacks/@xpack-dev-tools/arm-none-eabi-gcc/11.2.1-1.2.2/.content/bin/../lib/gcc/arm-none-eabi/11.2.1/../../../../arm-none-eabi/lib/thumb/v7e-m/nofp/libg_nano.a(lib_a-ctype_.o)
                0x0000000008002825                _ctype_
 .rodata._svfprintf_r.str1.1
                0x0000000008002926       0x11 /home/daokien9901/.local/xPacks/@xpack-dev-tools/arm-none-eabi-gcc/11.2.1-1.2.2/.content/bin/../lib/gcc/arm-none-eabi/11.2.1/../../../../arm-none-eabi/lib/thumb/v7e-m/nofp/libg_nano.a(lib_a-nano-svfprintf.o)
 .rodata._printf_i.str1.1
                0x0000000008002937       0x22 /home/daokien9901/.local/xPacks/@xpack-dev-tools/arm-none-eabi-gcc/11.2.1-1.2.2/.content/bin/../lib/gcc/arm-none-eabi/11.2.1/../../../../arm-none-eabi/lib/thumb/v7e-m/nofp/libg_nano.a(lib_a-nano-vfprintf_i.o)
 *(vtable)
 *(.eh_frame*)
 *(.glue_7)
 .glue_7        0x0000000008002959        0x0 linker stubs
 *(.glue_7t)
 .glue_7t       0x0000000008002959        0x0 linker stubs

.vfp11_veneer   0x000000000800295c        0x0
 .vfp11_veneer  0x000000000800295c        0x0 linker stubs

.v4_bx          0x000000000800295c        0x0
 .v4_bx         0x000000000800295c        0x0 linker stubs

.iplt           0x000000000800295c        0x0
 .iplt          0x000000000800295c        0x0 ./system/src/stm32f4-hal/stm32f4xx_hal.o

.ARM.extab
 *(.ARM.extab* .gnu.linkonce.armextab.*)
                0x000000000800295c                . = ALIGN (0x4)
                0x000000000800295c                __exidx_start = .

.ARM.exidx      0x000000000800295c        0x8
 *(.ARM.exidx* .gnu.linkonce.armexidx.*)
 .ARM.exidx.text.__udivmoddi4
                0x000000000800295c        0x8 /home/daokien9901/.local/xPacks/@xpack-dev-tools/arm-none-eabi-gcc/11.2.1-1.2.2/.content/bin/../lib/gcc/arm-none-eabi/11.2.1/thumb/v7e-m/nofp/libgcc.a(_udivmoddi4.o)
                0x0000000008002964                __exidx_end = .

.rel.dyn        0x0000000008002964        0x0
 .rel.iplt      0x0000000008002964        0x0 ./system/src/stm32f4-hal/stm32f4xx_hal.o
                0x0000000008002964                . = ALIGN (0x4)
                0x0000000008002964                _etext = .
                0x0000000008002964                __etext = .

.data_CCMRAM    0x0000000010000000        0x0 load address 0x0000000008002964
 FILL mask 0xff
 *(.data.CCMRAM .data.CCMRAM.*)
                0x0000000010000000                . = ALIGN (0x4)
                0x0000000008002964                _sidata = LOADADDR (.data)

.data           0x0000000020000000       0x9c load address 0x0000000008002964
 FILL mask 0xff
                0x0000000020000000                _sdata = .
                0x0000000020000000                __data_start__ = .
 *(.data_begin .data_begin.*)
 .data_begin    0x0000000020000000        0x4 ./system/src/newlib/startup.o
 *(.data .data.*)
 .data.uwTickFreq
                0x0000000020000004        0x1 ./system/src/stm32f4-hal/stm32f4xx_hal.o
                0x0000000020000004                uwTickFreq
 *fill*         0x0000000020000005        0x3 ff
 .data.uwTickPrio
                0x0000000020000008        0x4 ./system/src/stm32f4-hal/stm32f4xx_hal.o
                0x0000000020000008                uwTickPrio
 .data.SystemCoreClock
                0x000000002000000c        0x4 ./system/src/cmsis/system_stm32f4xx.o
                0x000000002000000c                SystemCoreClock
 .data.temperature
                0x0000000020000010       0x24 ./src/main.o
                0x0000000020000010                temperature
 .data._impure_ptr
                0x0000000020000034        0x4 /home/daokien9901/.local/xPacks/@xpack-dev-tools/arm-none-eabi-gcc/11.2.1-1.2.2/.content/bin/../lib/gcc/arm-none-eabi/11.2.1/../../../../arm-none-eabi/lib/thumb/v7e-m/nofp/libg_nano.a(lib_a-impure.o)
                0x0000000020000034                _impure_ptr
 .data.impure_data
                0x0000000020000038       0x60 /home/daokien9901/.local/xPacks/@xpack-dev-tools/arm-none-eabi-gcc/11.2.1-1.2.2/.content/bin/../lib/gcc/arm-none-eabi/11.2.1/../../../../arm-none-eabi/lib/thumb/v7e-m/nofp/libg_nano.a(lib_a-impure.o)
 *(.data_end .data_end.*)
 .data_end      0x0000000020000098        0x4 ./system/src/newlib/startup.o
                0x000000002000009c                . = ALIGN (0x4)
                0x000000002000009c                _edata = .
                0x000000002000009c                __data_end__ = .

.igot.plt       0x000000002000009c        0x0 load address 0x0000000008002a00
 .igot.plt      0x000000002000009c        0x0 ./system/src/stm32f4-hal/stm32f4xx_hal.o

.bss_CCMRAM     0x0000000010000000        0x0
 *(.bss.CCMRAM .bss.CCMRAM.*)

.bss            0x000000002000009c      0x1c4
                0x000000002000009c                __bss_start__ = .
                0x000000002000009c                _sbss = .
 *(.bss_begin .bss_begin.*)
 .bss_begin     0x000000002000009c        0x4 ./system/src/newlib/startup.o
 *(.bss .bss.*)
 .bss.uwTick    0x00000000200000a0        0x4 ./system/src/stm32f4-hal/stm32f4xx_hal.o
                0x00000000200000a0                uwTick
 .bss.current_heap_end.0
                0x00000000200000a4        0x4 ./system/src/newlib/sbrk.o
 .bss.args_buf.1
                0x00000000200000a8       0x50 ./system/src/newlib/syscalls.o
 .bss.argv_buf.0
                0x00000000200000f8       0x28 ./system/src/newlib/syscalls.o
 .bss.errno     0x0000000020000120        0x4 ./system/src/newlib/syscalls.o
                0x0000000020000120                errno
 .bss.monitor_stderr
                0x0000000020000124        0x4 ./system/src/newlib/syscalls.o
 .bss.monitor_stdin
                0x0000000020000128        0x4 ./system/src/newlib/syscalls.o
 .bss.monitor_stdout
                0x000000002000012c        0x4 ./system/src/newlib/syscalls.o
 .bss.openfiles
                0x0000000020000130       0xa0 ./system/src/newlib/syscalls.o
 .bss.buf.0     0x00000000200001d0       0x80 ./system/src/diag/trace.o
 .bss.timer_delayCount
                0x0000000020000250        0x4 ./src/timer.o
                0x0000000020000250                timer_delayCount
 .bss.__malloc_free_list
                0x0000000020000254        0x4 /home/daokien9901/.local/xPacks/@xpack-dev-tools/arm-none-eabi-gcc/11.2.1-1.2.2/.content/bin/../lib/gcc/arm-none-eabi/11.2.1/../../../../arm-none-eabi/lib/thumb/v7e-m/nofp/libg_nano.a(lib_a-nano-mallocr.o)
                0x0000000020000254                __malloc_free_list
 .bss.__malloc_sbrk_start
                0x0000000020000258        0x4 /home/daokien9901/.local/xPacks/@xpack-dev-tools/arm-none-eabi-gcc/11.2.1-1.2.2/.content/bin/../lib/gcc/arm-none-eabi/11.2.1/../../../../arm-none-eabi/lib/thumb/v7e-m/nofp/libg_nano.a(lib_a-nano-mallocr.o)
                0x0000000020000258                __malloc_sbrk_start
 *(COMMON)
 *(.bss_end .bss_end.*)
 .bss_end       0x000000002000025c        0x4 ./system/src/newlib/startup.o
                0x0000000020000260                . = ALIGN (0x4)
                0x0000000020000260                __bss_end__ = .
                0x0000000020000260                _ebss = .

.noinit_CCMRAM
 *(.noinit.CCMRAM .noinit.CCMRAM.*)

.noinit         0x0000000020000260        0x0
                0x0000000020000260                _noinit = .
 *(.noinit .noinit.*)
                0x0000000020000260                . = ALIGN (0x4)
                0x0000000020000260                _end_noinit = .
                [!provide]                        PROVIDE (end = _end_noinit)
                [!provide]                        PROVIDE (_end = _end_noinit)
                [!provide]                        PROVIDE (__end = _end_noinit)
                [!provide]                        PROVIDE (__end__ = _end_noinit)

._check_stack   0x0000000020000260      0x100
                0x0000000020000360                . = (. + _Minimum_Stack_Size)
 *fill*         0x0000000020000260      0x100 

.b1text
 *(.b1text)
 *(.b1rodata)
 *(.b1rodata.*)

.eb0text
 *(.eb0text)
 *(.eb0rodata)
 *(.eb0rodata.*)

.eb1text
 *(.eb1text)
 *(.eb1rodata)
 *(.eb1rodata.*)

.eb2text
 *(.eb2text)
 *(.eb2rodata)
 *(.eb2rodata.*)

.eb3text
 *(.eb3text)
 *(.eb3rodata)
 *(.eb3rodata.*)

.stab
 *(.stab)

.stabstr
 *(.stabstr)

.stab.excl
 *(.stab.excl)

.stab.exclstr
 *(.stab.exclstr)

.stab.index
 *(.stab.index)

.stab.indexstr
 *(.stab.indexstr)

.comment        0x0000000000000000       0x39
 *(.comment)
 .comment       0x0000000000000000       0x39 ./system/src/stm32f4-hal/stm32f4xx_hal.o
                                         0x3a (size before relaxing)
 .comment       0x0000000000000039       0x3a ./system/src/stm32f4-hal/stm32f4xx_hal_cortex.o
 .comment       0x0000000000000039       0x3a ./system/src/stm32f4-hal/stm32f4xx_hal_gpio.o
 .comment       0x0000000000000039       0x3a ./system/src/stm32f4-hal/stm32f4xx_hal_rcc.o
 .comment       0x0000000000000039       0x3a ./system/src/newlib/sbrk.o
 .comment       0x0000000000000039       0x3a ./system/src/newlib/startup.o
 .comment       0x0000000000000039       0x3a ./system/src/newlib/syscalls.o
 .comment       0x0000000000000039       0x3a ./system/src/diag/trace-impl.o
 .comment       0x0000000000000039       0x3a ./system/src/diag/trace.o
 .comment       0x0000000000000039       0x3a ./system/src/cortexm/exception-handlers.o
 .comment       0x0000000000000039       0x3a ./system/src/cortexm/initialize-hardware.o
 .comment       0x0000000000000039       0x3a ./system/src/cmsis/system_stm32f4xx.o
 .comment       0x0000000000000039       0x3a ./system/src/cmsis/vectors_stm32f407xx.o
 .comment       0x0000000000000039       0x3a ./src/initialize-hardware.o
 .comment       0x0000000000000039       0x3a ./src/led.o
 .comment       0x0000000000000039       0x3a ./src/main.o
 .comment       0x0000000000000039       0x3a ./src/stm32f4xx_hal_msp.o
 .comment       0x0000000000000039       0x3a ./src/timer.o
 .comment       0x0000000000000039       0x3a /home/daokien9901/.local/xPacks/@xpack-dev-tools/arm-none-eabi-gcc/11.2.1-1.2.2/.content/bin/../lib/gcc/arm-none-eabi/11.2.1/thumb/v7e-m/nofp/libgcc.a(_udivmoddi4.o)
 .comment       0x0000000000000039       0x3a /home/daokien9901/.local/xPacks/@xpack-dev-tools/arm-none-eabi-gcc/11.2.1-1.2.2/.content/bin/../lib/gcc/arm-none-eabi/11.2.1/../../../../arm-none-eabi/lib/thumb/v7e-m/nofp/libg_nano.a(lib_a-ctype_.o)
 .comment       0x0000000000000039       0x3a /home/daokien9901/.local/xPacks/@xpack-dev-tools/arm-none-eabi-gcc/11.2.1-1.2.2/.content/bin/../lib/gcc/arm-none-eabi/11.2.1/../../../../arm-none-eabi/lib/thumb/v7e-m/nofp/libg_nano.a(lib_a-errno.o)
 .comment       0x0000000000000039       0x3a /home/daokien9901/.local/xPacks/@xpack-dev-tools/arm-none-eabi-gcc/11.2.1-1.2.2/.content/bin/../lib/gcc/arm-none-eabi/11.2.1/../../../../arm-none-eabi/lib/thumb/v7e-m/nofp/libg_nano.a(lib_a-impure.o)
 .comment       0x0000000000000039       0x3a /home/daokien9901/.local/xPacks/@xpack-dev-tools/arm-none-eabi-gcc/11.2.1-1.2.2/.content/bin/../lib/gcc/arm-none-eabi/11.2.1/../../../../arm-none-eabi/lib/thumb/v7e-m/nofp/libg_nano.a(lib_a-vsnprintf.o)
 .comment       0x0000000000000039       0x3a /home/daokien9901/.local/xPacks/@xpack-dev-tools/arm-none-eabi-gcc/11.2.1-1.2.2/.content/bin/../lib/gcc/arm-none-eabi/11.2.1/../../../../arm-none-eabi/lib/thumb/v7e-m/nofp/libg_nano.a(lib_a-nano-svfprintf.o)
 .comment       0x0000000000000039       0x3a /home/daokien9901/.local/xPacks/@xpack-dev-tools/arm-none-eabi-gcc/11.2.1-1.2.2/.content/bin/../lib/gcc/arm-none-eabi/11.2.1/../../../../arm-none-eabi/lib/thumb/v7e-m/nofp/libg_nano.a(lib_a-nano-vfprintf_i.o)
 .comment       0x0000000000000039       0x3a /home/daokien9901/.local/xPacks/@xpack-dev-tools/arm-none-eabi-gcc/11.2.1-1.2.2/.content/bin/../lib/gcc/arm-none-eabi/11.2.1/../../../../arm-none-eabi/lib/thumb/v7e-m/nofp/libg_nano.a(lib_a-memcpy-stub.o)
 .comment       0x0000000000000039       0x3a /home/daokien9901/.local/xPacks/@xpack-dev-tools/arm-none-eabi-gcc/11.2.1-1.2.2/.content/bin/../lib/gcc/arm-none-eabi/11.2.1/../../../../arm-none-eabi/lib/thumb/v7e-m/nofp/libg_nano.a(lib_a-memmove.o)
 .comment       0x0000000000000039       0x3a /home/daokien9901/.local/xPacks/@xpack-dev-tools/arm-none-eabi-gcc/11.2.1-1.2.2/.content/bin/../lib/gcc/arm-none-eabi/11.2.1/../../../../arm-none-eabi/lib/thumb/v7e-m/nofp/libg_nano.a(lib_a-nano-freer.o)
 .comment       0x0000000000000039       0x3a /home/daokien9901/.local/xPacks/@xpack-dev-tools/arm-none-eabi-gcc/11.2.1-1.2.2/.content/bin/../lib/gcc/arm-none-eabi/11.2.1/../../../../arm-none-eabi/lib/thumb/v7e-m/nofp/libg_nano.a(lib_a-nano-mallocr.o)
 .comment       0x0000000000000039       0x3a /home/daokien9901/.local/xPacks/@xpack-dev-tools/arm-none-eabi-gcc/11.2.1-1.2.2/.content/bin/../lib/gcc/arm-none-eabi/11.2.1/../../../../arm-none-eabi/lib/thumb/v7e-m/nofp/libg_nano.a(lib_a-nano-reallocr.o)
 .comment       0x0000000000000039       0x3a /home/daokien9901/.local/xPacks/@xpack-dev-tools/arm-none-eabi-gcc/11.2.1-1.2.2/.content/bin/../lib/gcc/arm-none-eabi/11.2.1/../../../../arm-none-eabi/lib/thumb/v7e-m/nofp/libg_nano.a(lib_a-sbrkr.o)
 .comment       0x0000000000000039       0x3a /home/daokien9901/.local/xPacks/@xpack-dev-tools/arm-none-eabi-gcc/11.2.1-1.2.2/.content/bin/../lib/gcc/arm-none-eabi/11.2.1/../../../../arm-none-eabi/lib/thumb/v7e-m/nofp/libg_nano.a(lib_a-mlock.o)
 .comment       0x0000000000000039       0x3a /home/daokien9901/.local/xPacks/@xpack-dev-tools/arm-none-eabi-gcc/11.2.1-1.2.2/.content/bin/../lib/gcc/arm-none-eabi/11.2.1/../../../../arm-none-eabi/lib/thumb/v7e-m/nofp/libg_nano.a(lib_a-nano-msizer.o)

.ARM.attributes
                0x0000000000000000       0x2c
 .ARM.attributes
                0x0000000000000000       0x2e ./system/src/stm32f4-hal/stm32f4xx_hal.o
 .ARM.attributes
                0x000000000000002e       0x2e ./system/src/stm32f4-hal/stm32f4xx_hal_cortex.o
 .ARM.attributes
                0x000000000000005c       0x2e ./system/src/stm32f4-hal/stm32f4xx_hal_gpio.o
 .ARM.attributes
                0x000000000000008a       0x2e ./system/src/stm32f4-hal/stm32f4xx_hal_rcc.o
 .ARM.attributes
                0x00000000000000b8       0x2e ./system/src/newlib/sbrk.o
 .ARM.attributes
                0x00000000000000e6       0x2e ./system/src/newlib/startup.o
 .ARM.attributes
                0x0000000000000114       0x2e ./system/src/newlib/syscalls.o
 .ARM.attributes
                0x0000000000000142       0x2e ./system/src/diag/trace-impl.o
 .ARM.attributes
                0x0000000000000170       0x2e ./system/src/diag/trace.o
 .ARM.attributes
                0x000000000000019e       0x2e ./system/src/cortexm/exception-handlers.o
 .ARM.attributes
                0x00000000000001cc       0x2e ./system/src/cortexm/initialize-hardware.o
 .ARM.attributes
                0x00000000000001fa       0x2e ./system/src/cmsis/system_stm32f4xx.o
 .ARM.attributes
                0x0000000000000228       0x2e ./system/src/cmsis/vectors_stm32f407xx.o
 .ARM.attributes
                0x0000000000000256       0x2e ./src/initialize-hardware.o
 .ARM.attributes
                0x0000000000000284       0x2e ./src/led.o
 .ARM.attributes
                0x00000000000002b2       0x2e ./src/main.o
 .ARM.attributes
                0x00000000000002e0       0x2e ./src/stm32f4xx_hal_msp.o
 .ARM.attributes
                0x000000000000030e       0x2e ./src/timer.o
 .ARM.attributes
                0x000000000000033c       0x1e /home/daokien9901/.local/xPacks/@xpack-dev-tools/arm-none-eabi-gcc/11.2.1-1.2.2/.content/bin/../lib/gcc/arm-none-eabi/11.2.1/thumb/v7e-m/nofp/libgcc.a(_aeabi_uldivmod.o)
 .ARM.attributes
                0x000000000000035a       0x2e /home/daokien9901/.local/xPacks/@xpack-dev-tools/arm-none-eabi-gcc/11.2.1-1.2.2/.content/bin/../lib/gcc/arm-none-eabi/11.2.1/thumb/v7e-m/nofp/libgcc.a(_udivmoddi4.o)
 .ARM.attributes
                0x0000000000000388       0x1e /home/daokien9901/.local/xPacks/@xpack-dev-tools/arm-none-eabi-gcc/11.2.1-1.2.2/.content/bin/../lib/gcc/arm-none-eabi/11.2.1/thumb/v7e-m/nofp/libgcc.a(_dvmd_tls.o)
 .ARM.attributes
                0x00000000000003a6       0x2e /home/daokien9901/.local/xPacks/@xpack-dev-tools/arm-none-eabi-gcc/11.2.1-1.2.2/.content/bin/../lib/gcc/arm-none-eabi/11.2.1/../../../../arm-none-eabi/lib/thumb/v7e-m/nofp/libg_nano.a(lib_a-ctype_.o)
 .ARM.attributes
                0x00000000000003d4       0x2e /home/daokien9901/.local/xPacks/@xpack-dev-tools/arm-none-eabi-gcc/11.2.1-1.2.2/.content/bin/../lib/gcc/arm-none-eabi/11.2.1/../../../../arm-none-eabi/lib/thumb/v7e-m/nofp/libg_nano.a(lib_a-errno.o)
 .ARM.attributes
                0x0000000000000402       0x2e /home/daokien9901/.local/xPacks/@xpack-dev-tools/arm-none-eabi-gcc/11.2.1-1.2.2/.content/bin/../lib/gcc/arm-none-eabi/11.2.1/../../../../arm-none-eabi/lib/thumb/v7e-m/nofp/libg_nano.a(lib_a-impure.o)
 .ARM.attributes
                0x0000000000000430       0x1c /home/daokien9901/.local/xPacks/@xpack-dev-tools/arm-none-eabi-gcc/11.2.1-1.2.2/.content/bin/../lib/gcc/arm-none-eabi/11.2.1/../../../../arm-none-eabi/lib/thumb/v7e-m/nofp/libg_nano.a(lib_a-strcmp.o)
 .ARM.attributes
                0x000000000000044c       0x17 /home/daokien9901/.local/xPacks/@xpack-dev-tools/arm-none-eabi-gcc/11.2.1-1.2.2/.content/bin/../lib/gcc/arm-none-eabi/11.2.1/../../../../arm-none-eabi/lib/thumb/v7e-m/nofp/libg_nano.a(lib_a-strlen.o)
 .ARM.attributes
                0x0000000000000463       0x2e /home/daokien9901/.local/xPacks/@xpack-dev-tools/arm-none-eabi-gcc/11.2.1-1.2.2/.content/bin/../lib/gcc/arm-none-eabi/11.2.1/../../../../arm-none-eabi/lib/thumb/v7e-m/nofp/libg_nano.a(lib_a-vsnprintf.o)
 .ARM.attributes
                0x0000000000000491       0x2e /home/daokien9901/.local/xPacks/@xpack-dev-tools/arm-none-eabi-gcc/11.2.1-1.2.2/.content/bin/../lib/gcc/arm-none-eabi/11.2.1/../../../../arm-none-eabi/lib/thumb/v7e-m/nofp/libg_nano.a(lib_a-nano-svfprintf.o)
 .ARM.attributes
                0x00000000000004bf       0x2e /home/daokien9901/.local/xPacks/@xpack-dev-tools/arm-none-eabi-gcc/11.2.1-1.2.2/.content/bin/../lib/gcc/arm-none-eabi/11.2.1/../../../../arm-none-eabi/lib/thumb/v7e-m/nofp/libg_nano.a(lib_a-nano-vfprintf_i.o)
 .ARM.attributes
                0x00000000000004ed       0x1c /home/daokien9901/.local/xPacks/@xpack-dev-tools/arm-none-eabi-gcc/11.2.1-1.2.2/.content/bin/../lib/gcc/arm-none-eabi/11.2.1/../../../../arm-none-eabi/lib/thumb/v7e-m/nofp/libg_nano.a(lib_a-memchr.o)
 .ARM.attributes
                0x0000000000000509       0x2e /home/daokien9901/.local/xPacks/@xpack-dev-tools/arm-none-eabi-gcc/11.2.1-1.2.2/.content/bin/../lib/gcc/arm-none-eabi/11.2.1/../../../../arm-none-eabi/lib/thumb/v7e-m/nofp/libg_nano.a(lib_a-memcpy-stub.o)
 .ARM.attributes
                0x0000000000000537       0x2e /home/daokien9901/.local/xPacks/@xpack-dev-tools/arm-none-eabi-gcc/11.2.1-1.2.2/.content/bin/../lib/gcc/arm-none-eabi/11.2.1/../../../../arm-none-eabi/lib/thumb/v7e-m/nofp/libg_nano.a(lib_a-memmove.o)
 .ARM.attributes
                0x0000000000000565       0x2e /home/daokien9901/.local/xPacks/@xpack-dev-tools/arm-none-eabi-gcc/11.2.1-1.2.2/.content/bin/../lib/gcc/arm-none-eabi/11.2.1/../../../../arm-none-eabi/lib/thumb/v7e-m/nofp/libg_nano.a(lib_a-nano-freer.o)
 .ARM.attributes
                0x0000000000000593       0x2e /home/daokien9901/.local/xPacks/@xpack-dev-tools/arm-none-eabi-gcc/11.2.1-1.2.2/.content/bin/../lib/gcc/arm-none-eabi/11.2.1/../../../../arm-none-eabi/lib/thumb/v7e-m/nofp/libg_nano.a(lib_a-nano-mallocr.o)
 .ARM.attributes
                0x00000000000005c1       0x2e /home/daokien9901/.local/xPacks/@xpack-dev-tools/arm-none-eabi-gcc/11.2.1-1.2.2/.content/bin/../lib/gcc/arm-none-eabi/11.2.1/../../../../arm-none-eabi/lib/thumb/v7e-m/nofp/libg_nano.a(lib_a-nano-reallocr.o)
 .ARM.attributes
                0x00000000000005ef       0x2e /home/daokien9901/.local/xPacks/@xpack-dev-tools/arm-none-eabi-gcc/11.2.1-1.2.2/.content/bin/../lib/gcc/arm-none-eabi/11.2.1/../../../../arm-none-eabi/lib/thumb/v7e-m/nofp/libg_nano.a(lib_a-sbrkr.o)
 .ARM.attributes
                0x000000000000061d       0x2e /home/daokien9901/.local/xPacks/@xpack-dev-tools/arm-none-eabi-gcc/11.2.1-1.2.2/.content/bin/../lib/gcc/arm-none-eabi/11.2.1/../../../../arm-none-eabi/lib/thumb/v7e-m/nofp/libg_nano.a(lib_a-mlock.o)
 .ARM.attributes
                0x000000000000064b       0x2e /home/daokien9901/.local/xPacks/@xpack-dev-tools/arm-none-eabi-gcc/11.2.1-1.2.2/.content/bin/../lib/gcc/arm-none-eabi/11.2.1/../../../../arm-none-eabi/lib/thumb/v7e-m/nofp/libg_nano.a(lib_a-nano-msizer.o)

.debug
 *(.debug)

.line
 *(.line)

.debug_srcinfo
 *(.debug_srcinfo)

.debug_sfnames
 *(.debug_sfnames)

.debug_aranges  0x0000000000000000      0x650
 *(.debug_aranges)
 .debug_aranges
                0x0000000000000000       0xf0 ./system/src/stm32f4-hal/stm32f4xx_hal.o
 .debug_aranges
                0x00000000000000f0       0xa8 ./system/src/stm32f4-hal/stm32f4xx_hal_cortex.o
 .debug_aranges
                0x0000000000000198       0x58 ./system/src/stm32f4-hal/stm32f4xx_hal_gpio.o
 .debug_aranges
                0x00000000000001f0       0x88 ./system/src/stm32f4-hal/stm32f4xx_hal_rcc.o
 .debug_aranges
                0x0000000000000278       0x20 ./system/src/newlib/sbrk.o
 .debug_aranges
                0x0000000000000298       0x40 ./system/src/newlib/startup.o
 .debug_aranges
                0x00000000000002d8      0x120 ./system/src/newlib/syscalls.o
 .debug_aranges
                0x00000000000003f8       0x30 ./system/src/diag/trace-impl.o
 .debug_aranges
                0x0000000000000428       0x38 ./system/src/diag/trace.o
 .debug_aranges
                0x0000000000000460       0x90 ./system/src/cortexm/exception-handlers.o
 .debug_aranges
                0x00000000000004f0       0x28 ./system/src/cortexm/initialize-hardware.o
 .debug_aranges
                0x0000000000000518       0x28 ./system/src/cmsis/system_stm32f4xx.o
 .debug_aranges
                0x0000000000000540       0x20 ./system/src/cmsis/vectors_stm32f407xx.o
 .debug_aranges
                0x0000000000000560       0x30 ./src/initialize-hardware.o
 .debug_aranges
                0x0000000000000590       0x30 ./src/led.o
 .debug_aranges
                0x00000000000005c0       0x20 ./src/main.o
 .debug_aranges
                0x00000000000005e0       0x38 ./src/stm32f4xx_hal_msp.o
 .debug_aranges
                0x0000000000000618       0x38 ./src/timer.o

.debug_pubnames
 *(.debug_pubnames)

.debug_info     0x0000000000000000     0x7fc5
 *(.debug_info .gnu.linkonce.wi.*)
 .debug_info    0x0000000000000000      0xa42 ./system/src/stm32f4-hal/stm32f4xx_hal.o
 .debug_info    0x0000000000000a42     0x1236 ./system/src/stm32f4-hal/stm32f4xx_hal_cortex.o
 .debug_info    0x0000000000001c78      0x899 ./system/src/stm32f4-hal/stm32f4xx_hal_gpio.o
 .debug_info    0x0000000000002511      0xd1e ./system/src/stm32f4-hal/stm32f4xx_hal_rcc.o
 .debug_info    0x000000000000322f      0x10f ./system/src/newlib/sbrk.o
 .debug_info    0x000000000000333e      0x55b ./system/src/newlib/startup.o
 .debug_info    0x0000000000003899     0x19ea ./system/src/newlib/syscalls.o
 .debug_info    0x0000000000005283      0x319 ./system/src/diag/trace-impl.o
 .debug_info    0x000000000000559c      0x341 ./system/src/diag/trace.o
 .debug_info    0x00000000000058dd      0x9fd ./system/src/cortexm/exception-handlers.o
 .debug_info    0x00000000000062da      0x292 ./system/src/cortexm/initialize-hardware.o
 .debug_info    0x000000000000656c      0x52b ./system/src/cmsis/system_stm32f4xx.o
 .debug_info    0x0000000000006a97      0x10b ./system/src/cmsis/vectors_stm32f407xx.o
 .debug_info    0x0000000000006ba2      0x5a8 ./src/initialize-hardware.o
 .debug_info    0x000000000000714a      0x42c ./src/led.o
 .debug_info    0x0000000000007576      0x26f ./src/main.o
 .debug_info    0x00000000000077e5       0xb8 ./src/stm32f4xx_hal_msp.o
 .debug_info    0x000000000000789d      0x728 ./src/timer.o

.debug_abbrev   0x0000000000000000     0x2229
 *(.debug_abbrev)
 .debug_abbrev  0x0000000000000000      0x248 ./system/src/stm32f4-hal/stm32f4xx_hal.o
 .debug_abbrev  0x0000000000000248      0x3ae ./system/src/stm32f4-hal/stm32f4xx_hal_cortex.o
 .debug_abbrev  0x00000000000005f6      0x23f ./system/src/stm32f4-hal/stm32f4xx_hal_gpio.o
 .debug_abbrev  0x0000000000000835      0x2dd ./system/src/stm32f4-hal/stm32f4xx_hal_rcc.o
 .debug_abbrev  0x0000000000000b12       0xcc ./system/src/newlib/sbrk.o
 .debug_abbrev  0x0000000000000bde      0x25a ./system/src/newlib/startup.o
 .debug_abbrev  0x0000000000000e38      0x3ce ./system/src/newlib/syscalls.o
 .debug_abbrev  0x0000000000001206      0x1e6 ./system/src/diag/trace-impl.o
 .debug_abbrev  0x00000000000013ec      0x17d ./system/src/diag/trace.o
 .debug_abbrev  0x0000000000001569      0x2d4 ./system/src/cortexm/exception-handlers.o
 .debug_abbrev  0x000000000000183d      0x104 ./system/src/cortexm/initialize-hardware.o
 .debug_abbrev  0x0000000000001941      0x120 ./system/src/cmsis/system_stm32f4xx.o
 .debug_abbrev  0x0000000000001a61       0xb8 ./system/src/cmsis/vectors_stm32f407xx.o
 .debug_abbrev  0x0000000000001b19      0x216 ./src/initialize-hardware.o
 .debug_abbrev  0x0000000000001d2f      0x180 ./src/led.o
 .debug_abbrev  0x0000000000001eaf      0x13d ./src/main.o
 .debug_abbrev  0x0000000000001fec       0x47 ./src/stm32f4xx_hal_msp.o
 .debug_abbrev  0x0000000000002033      0x1f6 ./src/timer.o

.debug_line     0x0000000000000000     0xce6f
 *(.debug_line)
 .debug_line    0x0000000000000000      0xd82 ./system/src/stm32f4-hal/stm32f4xx_hal.o
 .debug_line    0x0000000000000d82     0x10c9 ./system/src/stm32f4-hal/stm32f4xx_hal_cortex.o
 .debug_line    0x0000000000001e4b     0x100d ./system/src/stm32f4-hal/stm32f4xx_hal_gpio.o
 .debug_line    0x0000000000002e58     0x142e ./system/src/stm32f4-hal/stm32f4xx_hal_rcc.o
 .debug_line    0x0000000000004286      0x3df ./system/src/newlib/sbrk.o
 .debug_line    0x0000000000004665      0x672 ./system/src/newlib/startup.o
 .debug_line    0x0000000000004cd7     0x115d ./system/src/newlib/syscalls.o
 .debug_line    0x0000000000005e34      0xc36 ./system/src/diag/trace-impl.o
 .debug_line    0x0000000000006a6a      0x4c9 ./system/src/diag/trace.o
 .debug_line    0x0000000000006f33      0xfb7 ./system/src/cortexm/exception-handlers.o
 .debug_line    0x0000000000007eea      0xa4a ./system/src/cortexm/initialize-hardware.o
 .debug_line    0x0000000000008934      0xadc ./system/src/cmsis/system_stm32f4xx.o
 .debug_line    0x0000000000009410      0x2e2 ./system/src/cmsis/vectors_stm32f407xx.o
 .debug_line    0x00000000000096f2      0xbf7 ./src/initialize-hardware.o
 .debug_line    0x000000000000a2e9      0xa57 ./src/led.o
 .debug_line    0x000000000000ad40      0xbf8 ./src/main.o
 .debug_line    0x000000000000b938      0xa3a ./src/stm32f4xx_hal_msp.o
 .debug_line    0x000000000000c372      0xafd ./src/timer.o

.debug_frame    0x0000000000000000      0xee4
 *(.debug_frame)
 .debug_frame   0x0000000000000000      0x1f0 ./system/src/stm32f4-hal/stm32f4xx_hal.o
 .debug_frame   0x00000000000001f0      0x19c ./system/src/stm32f4-hal/stm32f4xx_hal_cortex.o
 .debug_frame   0x000000000000038c       0xfc ./system/src/stm32f4-hal/stm32f4xx_hal_gpio.o
 .debug_frame   0x0000000000000488      0x16c ./system/src/stm32f4-hal/stm32f4xx_hal_rcc.o
 .debug_frame   0x00000000000005f4       0x28 ./system/src/newlib/sbrk.o
 .debug_frame   0x000000000000061c       0x7c ./system/src/newlib/startup.o
 .debug_frame   0x0000000000000698      0x3d0 ./system/src/newlib/syscalls.o
 .debug_frame   0x0000000000000a68       0x64 ./system/src/diag/trace-impl.o
 .debug_frame   0x0000000000000acc       0x94 ./system/src/diag/trace.o
 .debug_frame   0x0000000000000b60      0x164 ./system/src/cortexm/exception-handlers.o
 .debug_frame   0x0000000000000cc4       0x40 ./system/src/cortexm/initialize-hardware.o
 .debug_frame   0x0000000000000d04       0x30 ./system/src/cmsis/system_stm32f4xx.o
 .debug_frame   0x0000000000000d34       0x20 ./system/src/cmsis/vectors_stm32f407xx.o
 .debug_frame   0x0000000000000d54       0x60 ./src/initialize-hardware.o
 .debug_frame   0x0000000000000db4       0x5c ./src/led.o
 .debug_frame   0x0000000000000e10       0x2c ./src/main.o
 .debug_frame   0x0000000000000e3c       0x50 ./src/stm32f4xx_hal_msp.o
 .debug_frame   0x0000000000000e8c       0x58 ./src/timer.o

.debug_str      0x0000000000000000    0xf724a
 *(.debug_str)
 .debug_str     0x0000000000000000    0xeec65 ./system/src/stm32f4-hal/stm32f4xx_hal.o
                                      0xeeffb (size before relaxing)
 .debug_str     0x00000000000eec65      0x3b3 ./system/src/stm32f4-hal/stm32f4xx_hal_cortex.o
                                      0xeed30 (size before relaxing)
 .debug_str     0x00000000000ef018      0x27d ./system/src/stm32f4-hal/stm32f4xx_hal_gpio.o
                                      0xee68d (size before relaxing)
 .debug_str     0x00000000000ef295      0x3b2 ./system/src/stm32f4-hal/stm32f4xx_hal_rcc.o
                                      0xee8aa (size before relaxing)
 .debug_str     0x00000000000ef647     0x34b8 ./system/src/newlib/sbrk.o
                                       0x6afe (size before relaxing)
 .debug_str     0x00000000000f2aff      0x2d1 ./system/src/newlib/startup.o
                                       0x646c (size before relaxing)
 .debug_str     0x00000000000f2dd0     0x3bfe ./system/src/newlib/syscalls.o
                                       0xb17b (size before relaxing)
 .debug_str     0x00000000000f69ce       0xbd ./system/src/diag/trace-impl.o
                                      0xf1725 (size before relaxing)
 .debug_str     0x00000000000f6a8b      0x162 ./system/src/diag/trace.o
                                       0x7eb5 (size before relaxing)
 .debug_str     0x00000000000f6bed      0x1dc ./system/src/cortexm/exception-handlers.o
                                      0xf27d7 (size before relaxing)
 .debug_str     0x00000000000f6dc9       0x5d ./system/src/cortexm/initialize-hardware.o
                                      0xee390 (size before relaxing)
 .debug_str     0x00000000000f6e26       0x46 ./system/src/cmsis/system_stm32f4xx.o
                                      0xee47e (size before relaxing)
 .debug_str     0x00000000000f6e6c       0x59 ./system/src/cmsis/vectors_stm32f407xx.o
                                       0x3e21 (size before relaxing)
 .debug_str     0x00000000000f6ec5       0x35 ./src/initialize-hardware.o
                                      0xf16f7 (size before relaxing)
 .debug_str     0x00000000000f6efa      0x137 ./src/led.o
                                      0xee566 (size before relaxing)
 .debug_str     0x00000000000f7031      0x1b1 ./src/main.o
                                      0xf2bfb (size before relaxing)
 .debug_str     0x00000000000f71e2       0x3d ./src/stm32f4xx_hal_msp.o
                                      0xee2bb (size before relaxing)
 .debug_str     0x00000000000f721f       0x2b ./src/timer.o
                                      0xee99f (size before relaxing)

.debug_loc
 *(.debug_loc)

.debug_macinfo
 *(.debug_macinfo)

.debug_weaknames
 *(.debug_weaknames)

.debug_funcnames
 *(.debug_funcnames)

.debug_typenames
 *(.debug_typenames)

.debug_varnames
 *(.debug_varnames)
OUTPUT(Tutorial_2.elf elf32-littlearm)
LOAD linker stubs

.debug_loclists
                0x0000000000000000     0x23d8
 .debug_loclists
                0x0000000000000000       0xbe ./system/src/stm32f4-hal/stm32f4xx_hal.o
 .debug_loclists
                0x00000000000000be      0x5ad ./system/src/stm32f4-hal/stm32f4xx_hal_cortex.o
 .debug_loclists
                0x000000000000066b      0x41c ./system/src/stm32f4-hal/stm32f4xx_hal_gpio.o
 .debug_loclists
                0x0000000000000a87      0x3a8 ./system/src/stm32f4-hal/stm32f4xx_hal_rcc.o
 .debug_loclists
                0x0000000000000e2f       0x69 ./system/src/newlib/sbrk.o
 .debug_loclists
                0x0000000000000e98      0x2b7 ./system/src/newlib/startup.o
 .debug_loclists
                0x000000000000114f      0xbfa ./system/src/newlib/syscalls.o
 .debug_loclists
                0x0000000000001d49       0xf5 ./system/src/diag/trace-impl.o
 .debug_loclists
                0x0000000000001e3e       0xb2 ./system/src/diag/trace.o
 .debug_loclists
                0x0000000000001ef0      0x32c ./system/src/cortexm/exception-handlers.o
 .debug_loclists
                0x000000000000221c       0xdb ./system/src/cmsis/system_stm32f4xx.o
 .debug_loclists
                0x00000000000022f7       0x48 ./src/initialize-hardware.o
 .debug_loclists
                0x000000000000233f       0x52 ./src/main.o
 .debug_loclists
                0x0000000000002391       0x47 ./src/timer.o

.debug_rnglists
                0x0000000000000000      0x508
 .debug_rnglists
                0x0000000000000000       0xaf ./system/src/stm32f4-hal/stm32f4xx_hal.o
 .debug_rnglists
                0x00000000000000af       0xc3 ./system/src/stm32f4-hal/stm32f4xx_hal_cortex.o
 .debug_rnglists
                0x0000000000000172       0x3f ./system/src/stm32f4-hal/stm32f4xx_hal_gpio.o
 .debug_rnglists
                0x00000000000001b1       0x75 ./system/src/stm32f4-hal/stm32f4xx_hal_rcc.o
 .debug_rnglists
                0x0000000000000226       0x13 ./system/src/newlib/sbrk.o
 .debug_rnglists
                0x0000000000000239       0x50 ./system/src/newlib/startup.o
 .debug_rnglists
                0x0000000000000289       0xe3 ./system/src/newlib/syscalls.o
 .debug_rnglists
                0x000000000000036c       0x2b ./system/src/diag/trace-impl.o
 .debug_rnglists
                0x0000000000000397       0x25 ./system/src/diag/trace.o
 .debug_rnglists
                0x00000000000003bc       0x69 ./system/src/cortexm/exception-handlers.o
 .debug_rnglists
                0x0000000000000425       0x19 ./system/src/cortexm/initialize-hardware.o
 .debug_rnglists
                0x000000000000043e       0x1a ./system/src/cmsis/system_stm32f4xx.o
 .debug_rnglists
                0x0000000000000458       0x13 ./system/src/cmsis/vectors_stm32f407xx.o
 .debug_rnglists
                0x000000000000046b       0x20 ./src/initialize-hardware.o
 .debug_rnglists
                0x000000000000048b       0x1f ./src/led.o
 .debug_rnglists
                0x00000000000004aa       0x14 ./src/main.o
 .debug_rnglists
                0x00000000000004be       0x25 ./src/stm32f4xx_hal_msp.o
 .debug_rnglists
                0x00000000000004e3       0x25 ./src/timer.o

.debug_macro    0x0000000000000000    0x294a6
 .debug_macro   0x0000000000000000      0x44c ./system/src/stm32f4-hal/stm32f4xx_hal.o
 .debug_macro   0x000000000000044c      0xab4 ./system/src/stm32f4-hal/stm32f4xx_hal.o
 .debug_macro   0x0000000000000f00      0x3a2 ./system/src/stm32f4-hal/stm32f4xx_hal.o
 .debug_macro   0x00000000000012a2       0x2e ./system/src/stm32f4-hal/stm32f4xx_hal.o
 .debug_macro   0x00000000000012d0       0x2f ./system/src/stm32f4-hal/stm32f4xx_hal.o
 .debug_macro   0x00000000000012ff       0x22 ./system/src/stm32f4-hal/stm32f4xx_hal.o
 .debug_macro   0x0000000000001321       0x8e ./system/src/stm32f4-hal/stm32f4xx_hal.o
 .debug_macro   0x00000000000013af       0x51 ./system/src/stm32f4-hal/stm32f4xx_hal.o
 .debug_macro   0x0000000000001400      0x103 ./system/src/stm32f4-hal/stm32f4xx_hal.o
 .debug_macro   0x0000000000001503       0x6a ./system/src/stm32f4-hal/stm32f4xx_hal.o
 .debug_macro   0x000000000000156d      0x1df ./system/src/stm32f4-hal/stm32f4xx_hal.o
 .debug_macro   0x000000000000174c       0x1c ./system/src/stm32f4-hal/stm32f4xx_hal.o
 .debug_macro   0x0000000000001768       0x22 ./system/src/stm32f4-hal/stm32f4xx_hal.o
 .debug_macro   0x000000000000178a       0xd9 ./system/src/stm32f4-hal/stm32f4xx_hal.o
 .debug_macro   0x0000000000001863     0x102d ./system/src/stm32f4-hal/stm32f4xx_hal.o
 .debug_macro   0x0000000000002890      0x11f ./system/src/stm32f4-hal/stm32f4xx_hal.o
 .debug_macro   0x00000000000029af    0x15e3c ./system/src/stm32f4-hal/stm32f4xx_hal.o
 .debug_macro   0x00000000000187eb       0x43 ./system/src/stm32f4-hal/stm32f4xx_hal.o
 .debug_macro   0x000000000001882e     0x3659 ./system/src/stm32f4-hal/stm32f4xx_hal.o
 .debug_macro   0x000000000001be87      0x174 ./system/src/stm32f4-hal/stm32f4xx_hal.o
 .debug_macro   0x000000000001bffb       0x5a ./system/src/stm32f4-hal/stm32f4xx_hal.o
 .debug_macro   0x000000000001c055      0x96b ./system/src/stm32f4-hal/stm32f4xx_hal.o
 .debug_macro   0x000000000001c9c0      0x9fe ./system/src/stm32f4-hal/stm32f4xx_hal.o
 .debug_macro   0x000000000001d3be      0x117 ./system/src/stm32f4-hal/stm32f4xx_hal.o
 .debug_macro   0x000000000001d4d5      0x13e ./system/src/stm32f4-hal/stm32f4xx_hal.o
 .debug_macro   0x000000000001d613       0x27 ./system/src/stm32f4-hal/stm32f4xx_hal.o
 .debug_macro   0x000000000001d63a      0x174 ./system/src/stm32f4-hal/stm32f4xx_hal.o
 .debug_macro   0x000000000001d7ae      0x287 ./system/src/stm32f4-hal/stm32f4xx_hal.o
 .debug_macro   0x000000000001da35       0x5f ./system/src/stm32f4-hal/stm32f4xx_hal.o
 .debug_macro   0x000000000001da94      0x236 ./system/src/stm32f4-hal/stm32f4xx_hal.o
 .debug_macro   0x000000000001dcca      0x391 ./system/src/stm32f4-hal/stm32f4xx_hal.o
 .debug_macro   0x000000000001e05b      0x176 ./system/src/stm32f4-hal/stm32f4xx_hal.o
 .debug_macro   0x000000000001e1d1       0xf9 ./system/src/stm32f4-hal/stm32f4xx_hal.o
 .debug_macro   0x000000000001e2ca      0x40f ./system/src/stm32f4-hal/stm32f4xx_hal.o
 .debug_macro   0x000000000001e6d9       0x22 ./system/src/stm32f4-hal/stm32f4xx_hal.o
 .debug_macro   0x000000000001e6fb       0xea ./system/src/stm32f4-hal/stm32f4xx_hal.o
 .debug_macro   0x000000000001e7e5       0xa0 ./system/src/stm32f4-hal/stm32f4xx_hal.o
 .debug_macro   0x000000000001e885       0x3c ./system/src/stm32f4-hal/stm32f4xx_hal.o
 .debug_macro   0x000000000001e8c1       0x1f ./system/src/stm32f4-hal/stm32f4xx_hal.o
 .debug_macro   0x000000000001e8e0      0x1d2 ./system/src/stm32f4-hal/stm32f4xx_hal.o
 .debug_macro   0x000000000001eab2      0xccf ./system/src/stm32f4-hal/stm32f4xx_hal.o
 .debug_macro   0x000000000001f781      0x12c ./system/src/stm32f4-hal/stm32f4xx_hal.o
 .debug_macro   0x000000000001f8ad      0x21e ./system/src/stm32f4-hal/stm32f4xx_hal.o
 .debug_macro   0x000000000001facb       0x2e ./system/src/stm32f4-hal/stm32f4xx_hal.o
 .debug_macro   0x000000000001faf9      0x543 ./system/src/stm32f4-hal/stm32f4xx_hal.o
 .debug_macro   0x000000000002003c       0x88 ./system/src/stm32f4-hal/stm32f4xx_hal.o
 .debug_macro   0x00000000000200c4       0xea ./system/src/stm32f4-hal/stm32f4xx_hal.o
 .debug_macro   0x00000000000201ae      0x184 ./system/src/stm32f4-hal/stm32f4xx_hal.o
 .debug_macro   0x0000000000020332      0x1b5 ./system/src/stm32f4-hal/stm32f4xx_hal.o
 .debug_macro   0x00000000000204e7       0xd6 ./system/src/stm32f4-hal/stm32f4xx_hal.o
 .debug_macro   0x00000000000205bd      0x26b ./system/src/stm32f4-hal/stm32f4xx_hal.o
 .debug_macro   0x0000000000020828      0x1a7 ./system/src/stm32f4-hal/stm32f4xx_hal.o
 .debug_macro   0x00000000000209cf       0x46 ./system/src/stm32f4-hal/stm32f4xx_hal.o
 .debug_macro   0x0000000000020a15       0x4a ./system/src/stm32f4-hal/stm32f4xx_hal.o
 .debug_macro   0x0000000000020a5f       0x78 ./system/src/stm32f4-hal/stm32f4xx_hal.o
 .debug_macro   0x0000000000020ad7      0x11a ./system/src/stm32f4-hal/stm32f4xx_hal.o
 .debug_macro   0x0000000000020bf1       0x7e ./system/src/stm32f4-hal/stm32f4xx_hal.o
 .debug_macro   0x0000000000020c6f       0x89 ./system/src/stm32f4-hal/stm32f4xx_hal.o
 .debug_macro   0x0000000000020cf8       0xa4 ./system/src/stm32f4-hal/stm32f4xx_hal.o
 .debug_macro   0x0000000000020d9c      0x31a ./system/src/stm32f4-hal/stm32f4xx_hal.o
 .debug_macro   0x00000000000210b6      0x405 ./system/src/stm32f4-hal/stm32f4xx_hal.o
 .debug_macro   0x00000000000214bb       0xe4 ./system/src/stm32f4-hal/stm32f4xx_hal.o
 .debug_macro   0x000000000002159f      0x861 ./system/src/stm32f4-hal/stm32f4xx_hal.o
 .debug_macro   0x0000000000021e00      0x1d5 ./system/src/stm32f4-hal/stm32f4xx_hal.o
 .debug_macro   0x0000000000021fd5      0x225 ./system/src/stm32f4-hal/stm32f4xx_hal.o
 .debug_macro   0x00000000000221fa      0x8a0 ./system/src/stm32f4-hal/stm32f4xx_hal.o
 .debug_macro   0x0000000000022a9a       0x47 ./system/src/stm32f4-hal/stm32f4xx_hal.o
 .debug_macro   0x0000000000022ae1      0x287 ./system/src/stm32f4-hal/stm32f4xx_hal.o
 .debug_macro   0x0000000000022d68      0x217 ./system/src/stm32f4-hal/stm32f4xx_hal.o
 .debug_macro   0x0000000000022f7f      0x1b5 ./system/src/stm32f4-hal/stm32f4xx_hal.o
 .debug_macro   0x0000000000023134      0x2db ./system/src/stm32f4-hal/stm32f4xx_hal.o
 .debug_macro   0x000000000002340f       0x8d ./system/src/stm32f4-hal/stm32f4xx_hal.o
 .debug_macro   0x000000000002349c      0x21e ./system/src/stm32f4-hal/stm32f4xx_hal.o
 .debug_macro   0x00000000000236ba       0xba ./system/src/stm32f4-hal/stm32f4xx_hal.o
 .debug_macro   0x0000000000023774       0x6e ./system/src/stm32f4-hal/stm32f4xx_hal.o
 .debug_macro   0x00000000000237e2      0x1e9 ./system/src/stm32f4-hal/stm32f4xx_hal.o
 .debug_macro   0x00000000000239cb      0x12d ./system/src/stm32f4-hal/stm32f4xx_hal.o
 .debug_macro   0x0000000000023af8      0x3ec ./system/src/stm32f4-hal/stm32f4xx_hal_cortex.o
 .debug_macro   0x0000000000023ee4      0x422 ./system/src/stm32f4-hal/stm32f4xx_hal_gpio.o
 .debug_macro   0x0000000000024306      0x410 ./system/src/stm32f4-hal/stm32f4xx_hal_rcc.o
 .debug_macro   0x0000000000024716      0x163 ./system/src/newlib/sbrk.o
 .debug_macro   0x0000000000024879       0x10 ./system/src/newlib/sbrk.o
 .debug_macro   0x0000000000024889      0x23b ./system/src/newlib/sbrk.o
 .debug_macro   0x0000000000024ac4      0x174 ./system/src/newlib/startup.o
 .debug_macro   0x0000000000024c38      0xaba ./system/src/newlib/startup.o
 .debug_macro   0x00000000000256f2       0x5e ./system/src/newlib/startup.o
 .debug_macro   0x0000000000025750      0x2dd ./system/src/newlib/syscalls.o
 .debug_macro   0x0000000000025a2d       0x10 ./system/src/newlib/syscalls.o
 .debug_macro   0x0000000000025a3d       0x10 ./system/src/newlib/syscalls.o
 .debug_macro   0x0000000000025a4d       0x10 ./system/src/newlib/syscalls.o
 .debug_macro   0x0000000000025a5d       0x35 ./system/src/newlib/syscalls.o
 .debug_macro   0x0000000000025a92      0x12c ./system/src/newlib/syscalls.o
 .debug_macro   0x0000000000025bbe      0x22a ./system/src/newlib/syscalls.o
 .debug_macro   0x0000000000025de8       0x10 ./system/src/newlib/syscalls.o
 .debug_macro   0x0000000000025df8       0x1c ./system/src/newlib/syscalls.o
 .debug_macro   0x0000000000025e14       0x10 ./system/src/newlib/syscalls.o
 .debug_macro   0x0000000000025e24       0x10 ./system/src/newlib/syscalls.o
 .debug_macro   0x0000000000025e34       0x16 ./system/src/newlib/syscalls.o
 .debug_macro   0x0000000000025e4a      0x16f ./system/src/newlib/syscalls.o
 .debug_macro   0x0000000000025fb9       0x16 ./system/src/newlib/syscalls.o
 .debug_macro   0x0000000000025fcf       0xce ./system/src/newlib/syscalls.o
 .debug_macro   0x000000000002609d      0x241 ./system/src/newlib/syscalls.o
 .debug_macro   0x00000000000262de       0x16 ./system/src/newlib/syscalls.o
 .debug_macro   0x00000000000262f4       0x3a ./system/src/newlib/syscalls.o
 .debug_macro   0x000000000002632e      0x11f ./system/src/newlib/syscalls.o
 .debug_macro   0x000000000002644d      0x189 ./system/src/newlib/syscalls.o
 .debug_macro   0x00000000000265d6       0x16 ./system/src/newlib/syscalls.o
 .debug_macro   0x00000000000265ec       0x22 ./system/src/newlib/syscalls.o
 .debug_macro   0x000000000002660e      0x522 ./system/src/diag/trace-impl.o
 .debug_macro   0x0000000000026b30       0x10 ./system/src/diag/trace-impl.o
 .debug_macro   0x0000000000026b40      0x1f5 ./system/src/diag/trace.o
 .debug_macro   0x0000000000026d35       0x16 ./system/src/diag/trace.o
 .debug_macro   0x0000000000026d4b       0x97 ./system/src/diag/trace.o
 .debug_macro   0x0000000000026de2       0xfd ./system/src/diag/trace.o
 .debug_macro   0x0000000000026edf       0x4c ./system/src/diag/trace.o
 .debug_macro   0x0000000000026f2b      0x595 ./system/src/cortexm/exception-handlers.o
 .debug_macro   0x00000000000274c0       0x10 ./system/src/cortexm/exception-handlers.o
 .debug_macro   0x00000000000274d0      0x3f6 ./system/src/cortexm/initialize-hardware.o
 .debug_macro   0x00000000000278c6      0x3f2 ./system/src/cmsis/system_stm32f4xx.o
 .debug_macro   0x0000000000027cb8       0x73 ./system/src/cmsis/vectors_stm32f407xx.o
 .debug_macro   0x0000000000027d2b      0x507 ./src/initialize-hardware.o
 .debug_macro   0x0000000000028232      0x3fb ./src/led.o
 .debug_macro   0x000000000002862d       0x28 ./src/led.o
 .debug_macro   0x0000000000028655      0x5c4 ./src/main.o
 .debug_macro   0x0000000000028c19       0x54 ./src/main.o
 .debug_macro   0x0000000000028c6d       0x2e ./src/main.o
 .debug_macro   0x0000000000028c9b      0x3ec ./src/stm32f4xx_hal_msp.o
 .debug_macro   0x0000000000029087      0x40f ./src/timer.o
 .debug_macro   0x0000000000029496       0x10 ./src/timer.o
